[allotelecom.ca/index.html]
[allotelecom.ca/wp-content/uploads/2019/03/cropped-Allo-Tellecom-8-1.png]
[backblue.gif]
[fade.gif]
[index.html]
[connect.facebook.net/French (Canada)/sdk/xfbml.customerchat.js]
[fonts.googleapis.com/index.html]
[allotelecom.ca/feed/index.html]
[allotelecom.ca/comments/feed/index.html]
[allotelecom.ca/en/index.html]
[allotelecom.ca/home/feed/index.html]
[allotelecom.ca/wp-includes/js/jquery/jquery-migrate.min330a.js]
[allotelecom.ca/wp-content/plugins/keydesign-addon/assets/js/jquery.easytabs.minaead.js]
[allotelecom.ca/wp-content/plugins/keydesign-addon/assets/js/kd_addon_scriptaead.js]
[allotelecom.ca/wp-content/plugins/revslider/public/assets/js/jquery.themepunch.tools.min23da.js]
[allotelecom.ca/wp-includes/js/imagesloaded.minaead.js]
[allotelecom.ca/wp-content/plugins/keydesign-addon/assets/js/photoswipe.minaead.js]
[allotelecom.ca/wp-content/plugins/pixelyoursite/dist/scripts/publicfd3b.js]
[allotelecom.ca/xmlrpc0db0.php]
[cdn.pixlads.com/agencies/1/advertisers/621/audience.js]
[www.google-analytics.com/analytics.js]
[allotelecom.ca/wp-content/uploads/2019/02/contact.jpg]
[allotelecom.ca/wp-content/plugins/sitepress-multilingual-cms/res/flags/en.png]
[allotelecom.ca/wp-content/uploads/2019/02/white-lgoo.png]
[allotelecom.ca/wp-content/uploads/2019/02/black_logo.png]
[allotelecom.ca/affaires/index.html]
[allotelecom.ca/wp-content/uploads/2019/03/second-min.jpg]
[allotelecom.ca/residential/forfaits-internet/index.html]
[allotelecom.ca/residential/telephone/index.html]
[allotelecom.ca/residential/forfaits-tele/index.html]
[allotelecom.ca/contactez-nous/index.html]
[allotelecom.ca/residential/forfaits/index.html]
[allotelecom.ca/wp-content/uploads/2019/01/villes-disponibles.jpg]
[allotelecom.ca/wp-content/uploads/2019/01/startup-mail1-1.png]
[allotelecom.ca/wp-content/uploads/2019/01/startup-phone1-1.png]
[fiib.ca/wp-content/uploads/2019/02/white-lgoo.png]
[allotelecom.ca/propos-allotelecom/index.html]
[allotelecom.ca/carrieres/index.html]
[allotelecom.ca/faq/index.html]
[allotelecom.ca/support/index.html]
[allotelecom.ca/crtc/index.html]
[allotelecom.ca/termes-et-conditions/index.html]
[www.facebook.com/trf742.gif]
[www.facebook.com/tr48a1.gif]
[allotelecom.ca/wp-content/plugins/contact-form-7/includes/js/scriptsbdeb.js]
[allotelecom.ca/wp-includes/js/masonry.mind617.js]
[allotelecom.ca/wp-content/themes/incubator/core/assets/js/SmoothScrollaead.js]
[allotelecom.ca/wp-content/plugins/js_composer/assets/js/dist/js_composer_front.min24b2.js]
[allotelecom.ca/index.html]
[allotelecom.ca/wp-content/plugins/js_composer/assets/lib/waypoints/waypoints.min24b2.js]
[gmpg.org/xfn/11.html]
[allotelecom.ca/xmlrpc.php]
[allotelecom.ca/en/comments/feed/index.html]
[allotelecom.ca/en/home/feed/index.html]
[allotelecom.ca/en/feed/index.html]
[allotelecom.ca/en/contact-us/index.html]
[allotelecom.ca/en/careers/index.html]
[allotelecom.ca/en/about-us/index.html]
[allotelecom.ca/en/index.html]
[www.facebook.com/tr210b.gif]
[fonts.googleapis.com/index.html]
[s.w.org/index.html]
[fonts.googleapis.com/css0c16.css]
[allotelecom.ca/en/business/index.html]
[allotelecom.ca/affaires/internet-affaires/index.html]
[allotelecom.ca/affaires/voip-pbx/index.html]
[allotelecom.ca/affaires/networking/index.html]
[allotelecom.ca/affaires/disaster-recovery/index.html]
[allotelecom.ca/affaires/index.html]
[www.facebook.com/trf6cc.gif]
[allotelecom.ca/residential/forfaits-internet/allotelecom.CA/CONTACTEZ-NOUS]
[allotelecom.ca/residential/forfaits-internet/index.html]
[www.facebook.com/tr0345.gif]
[allotelecom.ca/residential/telephone/allotelecom.CA/CONTACTEZ-NOUS]
[allotelecom.ca/residential/telephone/index.html]
[www.facebook.com/tr61da.gif]
[allotelecom.ca/residential/forfaits-tele/allotelecom.CA/CONTACTEZ-NOUS]
[allotelecom.ca/wp-content/uploads/2019/02/abc.png]
[allotelecom.ca/wp-content/uploads/2019/02/amc.png]
[allotelecom.ca/wp-content/uploads/2019/02/canal-savoir.png]
[allotelecom.ca/wp-content/uploads/2019/02/cbc.png]
[allotelecom.ca/wp-content/uploads/2019/02/cbc-news-network.png]
[allotelecom.ca/wp-content/uploads/2019/02/cbs.png]
[allotelecom.ca/wp-content/uploads/2019/02/city.png]
[allotelecom.ca/wp-content/uploads/2019/02/ctv.png]
[allotelecom.ca/wp-content/uploads/2019/02/global-1.png]
[allotelecom.ca/wp-content/uploads/2019/02/global.png]
[allotelecom.ca/wp-content/uploads/2019/02/ici-tele.png]
[allotelecom.ca/wp-content/uploads/2019/02/ici-tele-1.png]
[allotelecom.ca/wp-content/uploads/2019/02/ici-rdi.png]
[allotelecom.ca/wp-content/uploads/2019/02/lcn.png]
[allotelecom.ca/wp-content/uploads/2019/02/pbs.png]
[allotelecom.ca/wp-content/uploads/2019/02/rds1.png]
[allotelecom.ca/wp-content/uploads/2019/02/rds2.png]
[allotelecom.ca/wp-content/uploads/2019/02/tele-quebec.png]
[allotelecom.ca/wp-content/uploads/2019/02/tv5.png]
[allotelecom.ca/wp-content/uploads/2019/02/tva.png]
[allotelecom.ca/wp-content/uploads/2019/02/unis-tv.png]
[allotelecom.ca/wp-content/uploads/2019/02/v-tele.png]
[allotelecom.ca/wp-content/uploads/2019/02/vrak.png]
[allotelecom.ca/wp-content/uploads/2019/02/canal-d.png]
[allotelecom.ca/wp-content/uploads/2019/02/discovery.png]
[allotelecom.ca/wp-content/uploads/2019/02/ici-art.png]
[allotelecom.ca/wp-content/uploads/2019/02/historia.png]
[allotelecom.ca/wp-content/uploads/2019/02/nbc.png]
[allotelecom.ca/wp-content/uploads/2019/02/series-plus.png]
[allotelecom.ca/wp-content/uploads/2019/02/teletoon-en.png]
[allotelecom.ca/wp-content/uploads/2019/02/teletoon-fr.png]
[allotelecom.ca/wp-content/uploads/2019/02/tva-sport.png]
[allotelecom.ca/wp-content/uploads/2019/02/z-tele.png]
[allotelecom.ca/wp-content/uploads/2019/02/zeste.png]
[www.facebook.com/tr464f.gif]
[allotelecom.ca/residential/forfaits-tele/index.html]
[allotelecom.ca/residential/forfaits/allotelecom.CA/CONTACTEZ-NOUS]
[allotelecom.ca/residential/forfaits/index.html]
[www.facebook.com/tr4766.gif]
[fonts.googleapis.com/css4a59.css]
[allotelecom.ca/wp-content/uploads/2019/01/startup-office1-1.png]
[www.facebook.com/tr6422.gif]
[allotelecom.ca/contactez-nous/index.html]
[www.facebook.com/tr6a34.gif]
[allotelecom.ca/propos-allotelecom/index.html]
[allotelecom.ca/blog/index.html]
[allotelecom.ca/carrieres/index.html]
[www.facebook.com/tr5441.gif]
[allotelecom.ca/modems-compatibles/index.html]
[allotelecom.ca/faq/index.html]
[www.facebook.com/tr79c8.gif]
[allotelecom.ca/support/index.html]
[www.facebook.com/tr0143.gif]
[allotelecom.ca/termes-et-conditions/index.html]
[www.facebook.com/trd17b.gif]
[www.ebox.ca/wp-content/uploads/2018/02/CPRST.png]
[allotelecom.ca/crtc/index.html]
[www.facebook.com/tr35d9.gif]
[fonts.googleapis.com/css2a98.css]
[gmpg.org/xfn/.html]
[gmpg.org/xfn/intro.html]
[gmpg.org/xfn/faq.html]
[www.facebook.com/trcd9f.gif]
[allotelecom.ca/en/contact-us/index.html]
[allotelecom.ca/en/about-us/index.html]
[www.facebook.com/trc131.gif]
[allotelecom.ca/en/careers/index.html]
[www.facebook.com/tr6078.gif]
[www.facebook.com/tr865a.gif]
[allotelecom.ca/en/business/index.html]
[allotelecom.ca/indexa574.html]
[allotelecom.ca/wp-content/uploads/2019/02/cloud-backup.png]
[allotelecom.ca/affaires/internet-affaires/index.html]
[www.facebook.com/tr42f9.gif]
[allotelecom.ca/wp-content/uploads/2019/02/voip-pbx.png]
[allotelecom.ca/affaires/voip-pbx/index.html]
[www.facebook.com/tr060a.gif]
[allotelecom.ca/wp-content/uploads/2019/02/Network_monitoring.jpg]
[allotelecom.ca/affaires/networking/index.html]
[www.facebook.com/tr2173.gif]
[allotelecom.ca/en/business/disaster-recovery/index.html]
[allotelecom.ca/affaires/disaster-recovery/index.html]
[allotelecom.ca/index93cb.html]
[allotelecom.ca/residential/forfaits-internet/allotelecom.CA/CONTACTEZ-NOUS.html]
[allotelecom.ca/index7f97.html]
[allotelecom.ca/residential/telephone/allotelecom.CA/CONTACTEZ-NOUS.html]
[allotelecom.ca/index7603.html]
[allotelecom.ca/residential/forfaits-tele/allotelecom.CA/CONTACTEZ-NOUS.html]
[allotelecom.ca/index5c59.html]
[allotelecom.ca/residential/forfaits/allotelecom.CA/CONTACTEZ-NOUS.html]
[allotelecom.ca/indexeb73.html]
[allotelecom.ca/index8043.html]
[www.facebook.com/tr07d5.gif]
[allotelecom.ca/wp-content/uploads/2016/02/rj45.jpg]
[allotelecom.ca/future-design-concept/index.html]
[allotelecom.ca/wp-login.html]
[allotelecom.ca/author/admin-2/index.html]
[allotelecom.ca/2016/02/index.html]
[allotelecom.ca/blog/index.html]
[allotelecom.ca/index8aff.html]
[allotelecom.ca/index9d4a.html]
[www.facebook.com/tr65e5.gif]
[allotelecom.ca/modems-compatibles/index.html]
[allotelecom.ca/indexfc3e.html]
[allotelecom.ca/indexf911.html]
[allotelecom.ca/indexbe73.html]
[allotelecom.ca/en/index2a1a.html]
[allotelecom.ca/en/index3fa2.html]
[allotelecom.ca/en/index7999.html]
[allotelecom.ca/en/index0b2b.html]
[allotelecom.ca/indexb7e6.html]
[allotelecom.ca/indexdf72.html]
[www.facebook.com/tr6e48.gif]
[allotelecom.ca/en/business/disaster-recovery/index.html]
[allotelecom.ca/index4360.html]
[www.facebook.com/tr94a9.gif]
[allotelecom.ca/future-design-concept/feed/index.html]
[allotelecom.ca/tag/development/index.html]
[allotelecom.ca/tag/experiments/index.html]
[allotelecom.ca/tag/technology/index.html]
[www.facebook.com/trdc00.gif]
[allotelecom.ca/future-design-concept/index.html]
[allotelecom.ca/wp-includes/js/comment-reply.minaead.js]
[allotelecom.ca/author/admin-2/feed/index.html]
[allotelecom.ca/author/admin-2/index.html]
[allotelecom.ca/2016/02/index.html]
[www.facebook.com/tr146c.gif]
[allotelecom.ca/category/it/index.html]
[allotelecom.ca/wp-login.html]
[allotelecom.ca/index20e0.html]
[allotelecom.ca/index84ac.html]
[allotelecom.ca/en/index82c7.html]
[allotelecom.ca/index2591.html]
[allotelecom.ca/wp-loginc2b6.html]
[allotelecom.ca/tag/development/feed/index.html]
[allotelecom.ca/tag/development/index.html]
[www.facebook.com/tr1934.gif]
[allotelecom.ca/tag/experiments/feed/index.html]
[allotelecom.ca/tag/experiments/index.html]
[www.facebook.com/tr5f4d.gif]
[allotelecom.ca/tag/technology/feed/index.html]
[allotelecom.ca/tag/technology/index.html]
[www.facebook.com/trddfe.gif]
[allotelecom.ca/category/it/feed/index.html]
[allotelecom.ca/category/it/index.html]
[allotelecom.ca/wp-loginc2b6.html]
[www.facebook.com/tr8fac.gif]
[allotelecom.ca/comments/feed/index.html]
[allotelecom.ca/feed/index.html]
[allotelecom.ca/xmlrpc.php]
[allotelecom.ca/home/feed/index.html]
[allotelecom.ca/GET]
[cdn.pixlads.com/agencies/1/advertisers/621/audience.js]
[allotelecom.ca/xmlrpc0db0.php]
[allotelecom.ca/restserver.php]
[connect.facebook.net/French (Canada)/sdk/xfbml.customerchat.js]
[allotelecom.ca/en/feed/index.html]
[allotelecom.ca/en/comments/feed/index.html]
[allotelecom.ca/wp-content/themes/incubator/core/assets/fonts/nucleo-outline.eot]
[allotelecom.ca/en/home/feed/index.html]
[allotelecom.ca/wp-content/themes/incubator/images/arrow.png]
[allotelecom.ca/wp-content/themes/incubator/images/grabbing.png]
[allotelecom.ca/wp-content/themes/incubator/images/arrow-down.png]
[allotelecom.ca/wp-content/themes/incubator/styleaead.css]
[allotelecom.ca/wp-content/themes/incubator/images/hover-arrow.png]
[www.facebook.com/trf742.gif]
[allotelecom.ca/wp-includes/css/dist/block-library/style.minaead.css]
[www.facebook.com/tr210b.gif]
[www.facebook.com/trf6cc.gif]
[allotelecom.ca/wp-content/plugins/contact-form-7/images/ajax-loader.gif]
[allotelecom.ca/wp-content/plugins/contact-form-7/includes/css/stylesbdeb.css]
[allotelecom.ca/wp-content/plugins/contact-information-widget/styleaead.css]
[allotelecom.ca/wp-content/plugins/keydesign-addon/assets/img/quote1.png]
[allotelecom.ca/wp-content/plugins/keydesign-addon/assets/img/quote2.png]
[www.facebook.com/tr0345.gif]
[allotelecom.ca/wp-content/plugins/keydesign-addon/assets/img/checked.png]
[www.facebook.com/tr61da.gif]
[allotelecom.ca/wp-content/plugins/keydesign-addon/assets/img/share.png]
[allotelecom.ca/wp-content/plugins/keydesign-addon/assets/img/long-shadow.png]
[allotelecom.ca/wp-content/plugins/keydesign-addon/assets/css/kd_vc_frontaead.css]
[www.facebook.com/tr4766.gif]
[www.facebook.com/tr6422.gif]
[allotelecom.ca/wp-content/plugins/revslider/public/assets/fonts/revicons/revicons90c6.eot]
[allotelecom.ca/wp-content/plugins/revslider/public/assets/fonts/revicons/revicons90c6.woff]
[www.facebook.com/tr5441.gif]
[www.facebook.com/tr79c8.gif]
[www.facebook.com/tr0143.gif]
[www.facebook.com/trd17b.gif]
[www.facebook.com/tr35d9.gif]
[www.facebook.com/tr6078.gif]
[www.facebook.com/trc131.gif]
[allotelecom.ca/wp-content/plugins/revslider/public/assets/assets/gridtile.png]
[allotelecom.ca/wp-content/plugins/revslider/public/assets/assets/gridtile_white.png]
[allotelecom.ca/wp-content/plugins/revslider/public/assets/assets/gridtile_3x3.png]
[www.facebook.com/tr42f9.gif]
[www.facebook.com/tr060a.gif]
[www.facebook.com/tr2173.gif]
[allotelecom.ca/wp-content/plugins/revslider/public/assets/assets/gridtile_3x3_white.png]
[allotelecom.ca/wp-content/plugins/revslider/public/assets/assets/coloredbg.png]
[www.facebook.com/tr65e5.gif]
[www.facebook.com/tr6e48.gif]
[www.facebook.com/tr07d5.gif]
[allotelecom.ca/wp-content/plugins/revslider/public/assets/assets/loader.gif]
[allotelecom.ca/wp-content/plugins/revslider/public/assets/css/settings23da.css]
[allotelecom.ca/future-design-concept/feed/index.html]
[allotelecom.ca/wp-content/plugins/sitepress-multilingual-cms/templates/language-switchers/legacy-list-horizontal/style68b3.css]
[allotelecom.ca/author/admin-2/feed/index.html]
[allotelecom.ca/tag/development/feed/index.html]
[allotelecom.ca/wp-content/plugins/keydesign-addon/assets/css/photoswipeaead.css]
[www.facebook.com/tr94a9.gif]
[www.facebook.com/trdc00.gif]
[allotelecom.ca/wp-content/plugins/keydesign-addon/assets/img/photoswipe/default-skin.png]
[allotelecom.ca/wp-content/plugins/keydesign-addon/assets/img/photoswipe/preloader.gif]
[allotelecom.ca/wp-content/plugins/keydesign-addon/assets/css/photoswipe-default-skinaead.css]
[www.facebook.com/tr146c.gif]
[allotelecom.ca/tag/experiments/feed/index.html]
[allotelecom.ca/tag/technology/feed/index.html]
[www.facebook.com/tr1934.gif]
[allotelecom.ca/ABCDEFGHIJKLMNOPQRSTUVWXYZabcdefghijklmnopqrstuvwxyz0123456789+/index.html]
[allotelecom.ca/category/it/feed/index.html]
[allotelecom.ca/^([^_/indexd41d.html]
[allotelecom.ca/dialog/index.html]
[allotelecom.ca/nw/index.html]
[allotelecom.ca/affaires/index.html]
[allotelecom.ca/residential/forfaits-internet/index.html]
[www.facebook.com/tr5f4d.gif]
[allotelecom.ca/wp-includes/js/jquery/jqueryb8ff.js]
[allotelecom.ca/wp-content/plugins/keydesign-addon/assets/js/jquery.easing.minaead.js]
[allotelecom.ca/wp-content/plugins/keydesign-addon/assets/js/jquery.appearaead.js]
[www.facebook.com/trddfe.gif]
[allotelecom.ca/wp-content/plugins/revslider/public/assets/js/jquery.themepunch.revolution.min23da.js]
[allotelecom.ca/wp-content/plugins/keydesign-addon/assets/js/photoswipe-ui-default.minaead.js]
[allotelecom.ca/wp-includes/wlwmanifest.xml]
[allotelecom.ca/wp-content/uploads/2019/03/slider2-min.jpg]
[allotelecom.ca/propos-allotelecom/index.html]
[www.facebook.com/tr48a1.gif]
[allotelecom.ca/wp-content/plugins/js_composer/assets/lib/bower/animate-css/animate.min24b2.css]
[allotelecom.ca/wp-content/themes/incubator/core/assets/js/bootstrap.minaead.js]
[allotelecom.ca/wp-includes/js/wp-embed.minaead.js]
[allotelecom.ca/wp-content/themes/incubator/core/assets/js/scriptsaead.js]
[gmpg.org/xfn/default.css]
[allotelecom.ca/en/business/index.html]
[allotelecom.ca/index93cb.html]
[allotelecom.ca/index7f97.html]
[allotelecom.ca/index7603.html]
[allotelecom.ca/indexeb73.html]
[allotelecom.ca/wp-content/plugins/js_composer/assets/css/lib/vc-linecons/fonts/vc_linecons4906.eot]
[allotelecom.ca/wp-content/plugins/js_composer/assets/css/lib/vc-linecons/fonts/vc_linecons4906.woff]
[allotelecom.ca/wp-content/plugins/js_composer/assets/css/lib/vc-linecons/vc_linecons_icons.min24b2.css]
[allotelecom.ca/index9d4a.html]
[allotelecom.ca/indexfc3e.html]
[allotelecom.ca/indexf911.html]
[allotelecom.ca/indexbe73.html]
[allotelecom.ca/en/index2a1a.html]
[allotelecom.ca/en/index7999.html]
[allotelecom.ca/en/index0b2b.html]
[allotelecom.ca/indexdf72.html]
[allotelecom.ca/index84ac.html]
[allotelecom.ca/en/business/disaster-recovery/index.html]
[allotelecom.ca/wp-content/uploads/2019/02/disaster-recovery.png]
[allotelecom.ca/future-design-concept/index.html]
[allotelecom.ca/author/admin-2/index.html]
[allotelecom.ca/index20e0.html]
[allotelecom.ca/index84ac.html]
[allotelecom.ca/index2591.html]
[allotelecom.ca/category/it/index.html]
[allotelecom.ca/wp-includes/fonts/dashicons.eot]
[allotelecom.ca/wp-includes/css/dashicons.minaead.css]
[allotelecom.ca/wp-includes/css/buttons.minaead.css]
[www.facebook.com/tr8fac.gif]
[allotelecom.ca/ABCDEFGHIJKLMNOPQRSTUVWXYZabcdefghijklmnopqrstuvwxyz0123456789+/index.html]
[allotelecom.ca/^([^_/indexd41d.html]
[allotelecom.ca/GET.html]
[allotelecom.ca/restserver.html]
[allotelecom.ca/dialog/index.html]
[allotelecom.ca/nw/index.html]
[allotelecom.ca/wp-content/themes/incubator/core/assets/css/bootstrap.minaead.css]
[allotelecom.ca/wp-content/themes/incubator/core/assets/fonts/nucleo-outline.ttf]
[allotelecom.ca/wp-content/themes/fonts/icomoonf05f.eot]
[allotelecom.ca/wp-content/themes/incubator-child/fonts/icomoonf05f.woff]
[allotelecom.ca/wp-content/themes/incubator-child/styleaead.css]
[allotelecom.ca/wp-content/plugins/revslider/public/assets/fonts/revicons/revicons90c6.svg]
[allotelecom.ca/wp-content/plugins/revslider/public/assets/fonts/revicons/revicons90c6.ttf]
[allotelecom.ca/wp-content/plugins/revslider/public/assets/css/closedhand.html]
[allotelecom.ca/wp-content/plugins/js_composer/assets/vc/alert.png]
[allotelecom.ca/wp-content/plugins/js_composer/assets/vc/info.png]
[allotelecom.ca/wp-content/plugins/js_composer/assets/vc/tick.png]
[allotelecom.ca/wp-content/plugins/js_composer/assets/images/icons/address-book.png]
[allotelecom.ca/wp-content/plugins/js_composer/assets/images/icons/alarm-clock.png]
[allotelecom.ca/wp-content/plugins/js_composer/assets/images/icons/anchor.png]
[allotelecom.ca/wp-content/plugins/js_composer/assets/images/icons/application-image.png]
[allotelecom.ca/wp-content/plugins/js_composer/assets/images/icons/arrow.png]
[allotelecom.ca/wp-content/plugins/js_composer/assets/images/icons/asterisk.png]
[allotelecom.ca/wp-content/plugins/js_composer/assets/images/icons/auction-hammer.png]
[allotelecom.ca/wp-content/plugins/js_composer/assets/images/icons/balloon.png]
[allotelecom.ca/wp-content/plugins/js_composer/assets/images/icons/balloon-buzz.png]
[allotelecom.ca/wp-content/plugins/js_composer/assets/images/icons/balloon-facebook.png]
[allotelecom.ca/wp-content/plugins/js_composer/assets/images/icons/balloon-twitter.png]
[allotelecom.ca/wp-content/plugins/js_composer/assets/images/icons/battery-full.png]
[allotelecom.ca/wp-content/plugins/js_composer/assets/images/icons/binocular.png]
[allotelecom.ca/wp-content/plugins/js_composer/assets/images/icons/blue-document-excel.png]
[allotelecom.ca/wp-content/plugins/js_composer/assets/images/icons/blue-document-image.png]
[allotelecom.ca/wp-content/plugins/js_composer/assets/images/icons/blue-document-music.png]
[allotelecom.ca/wp-content/plugins/js_composer/assets/images/icons/blue-document-office.png]
[allotelecom.ca/wp-content/plugins/js_composer/assets/images/icons/blue-document-pdf.png]
[allotelecom.ca/wp-content/plugins/js_composer/assets/images/icons/blue-document-powerpoint.png]
[allotelecom.ca/wp-content/plugins/js_composer/assets/images/icons/blue-document-word.png]
[allotelecom.ca/wp-content/plugins/js_composer/assets/images/icons/bookmark.png]
[allotelecom.ca/wp-content/plugins/js_composer/assets/images/icons/camcorder.png]
[allotelecom.ca/wp-content/plugins/js_composer/assets/images/icons/camera.png]
[allotelecom.ca/wp-content/plugins/js_composer/assets/images/icons/chart.png]
[allotelecom.ca/wp-content/plugins/js_composer/assets/images/icons/chart-pie.png]
[allotelecom.ca/wp-content/plugins/js_composer/assets/images/icons/clock.png]
[allotelecom.ca/wp-content/plugins/js_composer/assets/images/icons/control.png]
[allotelecom.ca/wp-content/plugins/js_composer/assets/images/icons/fire.png]
[allotelecom.ca/wp-content/plugins/js_composer/assets/images/icons/heart.png]
[allotelecom.ca/wp-content/plugins/js_composer/assets/images/icons/mail.png]
[allotelecom.ca/wp-content/plugins/js_composer/assets/images/icons/plus-shield.png]
[allotelecom.ca/wp-content/plugins/js_composer/assets/images/icons/video.png]
[allotelecom.ca/wp-content/plugins/js_composer/assets/fonts/vc_icons_v2/fonts/vcpb-plugin-iconsb82a.eot]
[allotelecom.ca/wp-content/plugins/js_composer/assets/fonts/vc_icons_v2/fonts/vcpb-plugin-iconsb82a.ttf]
[allotelecom.ca/wp-content/plugins/js_composer/assets/fonts/vc_icons_v2/fonts/vcpb-plugin-iconsb82a.woff]
[allotelecom.ca/wp-content/plugins/js_composer/assets/images/toggle_close.png]
[allotelecom.ca/wp-content/plugins/js_composer/assets/images/flickr.png]
[allotelecom.ca/wp-content/plugins/js_composer/assets/fonts/vc_grid/vc_grid_v157a1.eot]
[allotelecom.ca/wp-content/plugins/js_composer/assets/fonts/vc_grid/vc_grid_v1d41d.eot]
[allotelecom.ca/wp-content/plugins/js_composer/assets/fonts/vc_grid/vc_grid_v157a1.ttf]
[allotelecom.ca/wp-content/plugins/js_composer/assets/vc/remove.png]
[allotelecom.ca/wp-content/plugins/js_composer/assets/css/js_composer.min24b2.css]
[allotelecom.ca/wp-content/plugins/keydesign-addon/assets/img/photoswipe/default-skin.svg]
[allotelecom.ca/wp-content/plugins/keydesign-addon/assets/js/owl.carousel.minaead.js]
[allotelecom.ca/wp-content/plugins/pixelyoursite/dist/scripts/jquery.bind-first-0.2.3.minaead.js]
[allotelecom.ca/wp-content/plugins/lightweight-social-icons/fonts/fontello.eot]
[allotelecom.ca/wp-content/plugins/pixelyoursite/dist/scripts/js.cookie-2.1.3.min4c71.js]
[allotelecom.ca/wp-content/plugins/lightweight-social-icons/fonts/fontello.woff]
[allotelecom.ca/wp-content/plugins/lightweight-social-icons/css/style-minf269.css]
[allotelecom.ca/wp-content/plugins/sitepress-multilingual-cms/res/flags/fr.png]
[allotelecom.ca/wp-content/plugins/js_composer/assets/css/lib/vc-linecons/fonts/vc_linecons4906.ttf]
[allotelecom.ca/wp-content/themes/fonts/icomoonf05f.svg]
[allotelecom.ca/wp-content/themes/fonts/icomoonf05f.ttf]
[allotelecom.ca/wp-content/plugins/js_composer/assets/lib/bower/font-awesome/fonts/fontawesome-webfont3e6e.eot]
[allotelecom.ca/wp-content/plugins/js_composer/assets/lib/bower/font-awesome/fonts/fontawesome-webfont3e6e.ttf]
[allotelecom.ca/wp-content/plugins/js_composer/assets/lib/bower/font-awesome/css/font-awesome.min24b2.css]
[allotelecom.ca/wp-content/plugins/js_composer/assets/fonts/vc_icons_v2/fonts/vcpb-plugin-iconsb82a.svg]
[allotelecom.ca/wp-content/plugins/js_composer/assets/vc/blur.svg]
[allotelecom.ca/wp-content/plugins/js_composer/assets/vc/exclamation.png]
[allotelecom.ca/wp-content/plugins/js_composer/assets/fonts/vc_grid/vc_grid_v157a1.svg]
[allotelecom.ca/wp-content/plugins/js_composer/assets/fonts/vc_grid/vc_grid_v157a1.woff]
[allotelecom.ca/wp-content/plugins/js_composer/assets/images/spinner.gif]
[allotelecom.ca/wp-content/plugins/lightweight-social-icons/fonts/fontello.svg]
[allotelecom.ca/wp-content/plugins/keydesign-addon/assets/js/kd_counttoaead.js]
[allotelecom.ca/wp-content/plugins/lightweight-social-icons/fonts/fontello.ttf]
[allotelecom.ca/wp-content/plugins/js_composer/assets/lib/bower/font-awesome/fonts/fontawesome-webfont3e6e.html]
[allotelecom.ca/wp-content/plugins/js_composer/assets/lib/bower/font-awesome/fonts/fontawesome-webfont3e6e.svg]
[allotelecom.ca/wp-content/plugins/revslider/public/assets/css/openhand.cur]
[allotelecom.ca/wp-content/plugins/js_composer/assets/css/lib/vc-linecons/fonts/vc_linecons4906.svg]
[allotelecom.ca/wp-content/plugins/js_composer/assets/images/toggle_open.png]
[allotelecom.ca/wp-content/plugins/js_composer/assets/lib/bower/font-awesome/fonts/fontawesome-webfont3e6e.woff]
[allotelecom.ca/wp-content/plugins/js_composer/assets/lib/bower/font-awesome/fonts/fontawesome-webfontd41d.eot]
